\BOOKMARK [1][-]{section.1}{\376\377\000I\000n\000t\000r\000o\000d\000u\000c\000c\000i\000\363\000n}{}% 1
\BOOKMARK [2][-]{subsection.1.1}{\376\377\000M\000o\000t\000i\000v\000a\000c\000i\000\363\000n\000\040\000y\000\040\000C\000o\000n\000t\000e\000x\000t\000o}{section.1}% 2
\BOOKMARK [2][-]{subsection.1.2}{\376\377\000C\000o\000n\000t\000r\000i\000b\000u\000c\000i\000o\000n\000e\000s\000\040\000d\000e\000l\000\040\000T\000r\000a\000b\000a\000j\000o}{section.1}% 3
\BOOKMARK [1][-]{section.2}{\376\377\000E\000s\000t\000a\000d\000o\000\040\000d\000e\000l\000\040\000A\000r\000t\000e}{}% 4
\BOOKMARK [2][-]{subsection.2.1}{\376\377\000R\000e\000s\000i\000l\000i\000e\000n\000c\000i\000a\000\040\000e\000n\000\040\000S\000i\000s\000t\000e\000m\000a\000s\000\040\000d\000e\000\040\000T\000r\000a\000n\000s\000p\000o\000r\000t\000e}{section.2}% 5
\BOOKMARK [2][-]{subsection.2.2}{\376\377\000M\000o\000d\000e\000l\000a\000m\000i\000e\000n\000t\000o\000\040\000d\000e\000\040\000I\000n\000u\000n\000d\000a\000c\000i\000o\000n\000e\000s\000\040\000U\000r\000b\000a\000n\000a\000s}{section.2}% 6
\BOOKMARK [2][-]{subsection.2.3}{\376\377\000A\000l\000g\000o\000r\000i\000t\000m\000o\000s\000\040\000d\000e\000\040\000O\000p\000t\000i\000m\000i\000z\000a\000c\000i\000\363\000n\000\040\000p\000a\000r\000a\000\040\000R\000u\000t\000e\000o}{section.2}% 7
\BOOKMARK [2][-]{subsection.2.4}{\376\377\000S\000i\000s\000t\000e\000m\000a\000s\000\040\000d\000e\000\040\000I\000n\000f\000o\000r\000m\000a\000c\000i\000\363\000n\000\040\000G\000e\000o\000g\000r\000\341\000f\000i\000c\000a}{section.2}% 8
\BOOKMARK [2][-]{subsection.2.5}{\376\377\000J\000u\000s\000t\000i\000f\000i\000c\000a\000c\000i\000\363\000n\000\040\000d\000e\000\040\000T\000e\000c\000n\000o\000l\000o\000g\000\355\000a\000s\000\040\000S\000e\000l\000e\000c\000c\000i\000o\000n\000a\000d\000a\000s}{section.2}% 9
\BOOKMARK [3][-]{subsubsection.2.5.1}{\376\377\000O\000p\000e\000n\000S\000t\000r\000e\000e\000t\000M\000a\000p\000\040\000v\000s\000.\000\040\000G\000o\000o\000g\000l\000e\000\040\000M\000a\000p\000s\000\040\000A\000P\000I}{subsection.2.5}% 10
\BOOKMARK [3][-]{subsubsection.2.5.2}{\376\377\000P\000o\000s\000t\000g\000r\000e\000S\000Q\000L\000/\000P\000o\000s\000t\000G\000I\000S\000\040\000v\000s\000.\000\040\000M\000y\000S\000Q\000L\000/\000M\000a\000r\000i\000a\000D\000B}{subsection.2.5}% 11
\BOOKMARK [3][-]{subsubsection.2.5.3}{\376\377\000C\000P\000L\000E\000X\000\040\000v\000s\000.\000\040\000S\000o\000l\000v\000e\000r\000s\000\040\000d\000e\000\040\000C\000\363\000d\000i\000g\000o\000\040\000A\000b\000i\000e\000r\000t\000o}{subsection.2.5}% 12
\BOOKMARK [2][-]{subsection.2.6}{\376\377\000M\000o\000d\000e\000l\000o\000s\000\040\000d\000e\000\040\000P\000r\000o\000b\000a\000b\000i\000l\000i\000d\000a\000d\000\040\000d\000e\000\040\000F\000a\000l\000l\000a\000:\000\040\000C\000o\000m\000p\000a\000r\000a\000t\000i\000v\000a}{section.2}% 13
\BOOKMARK [3][-]{subsubsection.2.6.1}{\376\377\000M\000o\000d\000e\000l\000o\000\040\000B\000i\000n\000a\000r\000i\000o}{subsection.2.6}% 14
\BOOKMARK [3][-]{subsubsection.2.6.2}{\376\377\000M\000o\000d\000e\000l\000o\000\040\000L\000i\000n\000e\000a\000l}{subsection.2.6}% 15
\BOOKMARK [3][-]{subsubsection.2.6.3}{\376\377\000M\000o\000d\000e\000l\000o\000\040\000E\000x\000p\000o\000n\000e\000n\000c\000i\000a\000l\000\040\000\050\000S\000e\000l\000e\000c\000c\000i\000o\000n\000a\000d\000o\000\051}{subsection.2.6}% 16
\BOOKMARK [2][-]{subsection.2.7}{\376\377\000M\000\351\000t\000r\000i\000c\000a\000s\000\040\000d\000e\000\040\000R\000e\000s\000i\000l\000i\000e\000n\000c\000i\000a}{section.2}% 17
\BOOKMARK [2][-]{subsection.2.8}{\376\377\000T\000r\000a\000b\000a\000j\000o\000s\000\040\000R\000e\000l\000a\000c\000i\000o\000n\000a\000d\000o\000s\000\040\000e\000n\000\040\000C\000h\000i\000l\000e}{section.2}% 18
\BOOKMARK [2][-]{subsection.2.9}{\376\377\000B\000r\000e\000c\000h\000a\000s\000\040\000I\000d\000e\000n\000t\000i\000f\000i\000c\000a\000d\000a\000s}{section.2}% 19
\BOOKMARK [1][-]{section.3}{\376\377\000P\000r\000o\000b\000l\000e\000m\000\341\000t\000i\000c\000a}{}% 20
\BOOKMARK [2][-]{subsection.3.1}{\376\377\000E\000s\000t\000u\000d\000i\000o\000\040\0001\000:\000\040\000C\000a\000m\000b\000i\000o\000\040\000C\000l\000i\000m\000\341\000t\000i\000c\000o\000\040\000e\000\040\000I\000n\000t\000e\000n\000s\000i\000f\000i\000c\000a\000c\000i\000\363\000n\000\040\000d\000e\000\040\000P\000r\000e\000c\000i\000p\000i\000t\000a\000c\000i\000o\000n\000e\000s}{section.3}% 21
\BOOKMARK [2][-]{subsection.3.2}{\376\377\000E\000s\000t\000u\000d\000i\000o\000\040\0002\000:\000\040\000V\000u\000l\000n\000e\000r\000a\000b\000i\000l\000i\000d\000a\000d\000\040\000G\000e\000o\000l\000\363\000g\000i\000c\000a\000\040\000d\000e\000\040\000S\000a\000n\000t\000i\000a\000g\000o}{section.3}% 22
\BOOKMARK [2][-]{subsection.3.3}{\376\377\000E\000s\000t\000u\000d\000i\000o\000\040\0003\000:\000\040\000I\000m\000p\000a\000c\000t\000o\000\040\000e\000n\000\040\000I\000n\000f\000r\000a\000e\000s\000t\000r\000u\000c\000t\000u\000r\000a\000\040\000d\000e\000\040\000T\000r\000a\000n\000s\000p\000o\000r\000t\000e}{section.3}% 23
\BOOKMARK [2][-]{subsection.3.4}{\376\377\000L\000i\000m\000i\000t\000a\000c\000i\000o\000n\000e\000s\000\040\000d\000e\000\040\000S\000i\000s\000t\000e\000m\000a\000s\000\040\000A\000c\000t\000u\000a\000l\000e\000s}{section.3}% 24
\BOOKMARK [1][-]{section.4}{\376\377\000H\000i\000p\000\363\000t\000e\000s\000i\000s}{}% 25
\BOOKMARK [1][-]{section.5}{\376\377\000O\000b\000j\000e\000t\000i\000v\000o\000s}{}% 26
\BOOKMARK [2][-]{subsection.5.1}{\376\377\000O\000b\000j\000e\000t\000i\000v\000o\000\040\000G\000e\000n\000e\000r\000a\000l}{section.5}% 27
\BOOKMARK [2][-]{subsection.5.2}{\376\377\000O\000b\000j\000e\000t\000i\000v\000o\000s\000\040\000E\000s\000p\000e\000c\000\355\000f\000i\000c\000o\000s}{section.5}% 28
\BOOKMARK [1][-]{section.6}{\376\377\000M\000e\000t\000o\000d\000o\000l\000o\000g\000\355\000a}{}% 29
\BOOKMARK [2][-]{subsection.6.1}{\376\377\000A\000r\000q\000u\000i\000t\000e\000c\000t\000u\000r\000a\000\040\000d\000e\000l\000\040\000S\000i\000s\000t\000e\000m\000a}{section.6}% 30
\BOOKMARK [2][-]{subsection.6.2}{\376\377\000P\000i\000p\000e\000l\000i\000n\000e\000\040\000E\000T\000L}{section.6}% 31
\BOOKMARK [2][-]{subsection.6.3}{\376\377\000E\000s\000q\000u\000e\000m\000a\000\040\000d\000e\000\040\000B\000a\000s\000e\000\040\000d\000e\000\040\000D\000a\000t\000o\000s}{section.6}% 32
\BOOKMARK [3][-]{subsubsection.6.3.1}{\376\377\000T\000a\000b\000l\000a\000s\000\040\000d\000e\000\040\000I\000n\000f\000r\000a\000e\000s\000t\000r\000u\000c\000t\000u\000r\000a}{subsection.6.3}% 33
\BOOKMARK [3][-]{subsubsection.6.3.2}{\376\377\000T\000a\000b\000l\000a\000s\000\040\000d\000e\000\040\000A\000m\000e\000n\000a\000z\000a\000s}{subsection.6.3}% 34
\BOOKMARK [3][-]{subsubsection.6.3.3}{\376\377\000T\000a\000b\000l\000a\000s\000\040\000d\000e\000\040\000S\000i\000m\000u\000l\000a\000c\000i\000\363\000n}{subsection.6.3}% 35
\BOOKMARK [2][-]{subsection.6.4}{\376\377\000M\000o\000d\000e\000l\000o\000\040\000d\000e\000\040\000P\000r\000o\000b\000a\000b\000i\000l\000i\000d\000a\000d\000\040\000d\000e\000\040\000F\000a\000l\000l\000a}{section.6}% 36
\BOOKMARK [2][-]{subsection.6.5}{\376\377\000A\000l\000g\000o\000r\000i\000t\000m\000o\000s\000\040\000I\000m\000p\000l\000e\000m\000e\000n\000t\000a\000d\000o\000s}{section.6}% 37
\BOOKMARK [3][-]{subsubsection.6.5.1}{\376\377\000D\000i\000j\000k\000s\000t\000r\000a\000\040\000B\000a\000s\000e\000l\000i\000n\000e}{subsection.6.5}% 38
\BOOKMARK [3][-]{subsubsection.6.5.2}{\376\377\000D\000i\000j\000k\000s\000t\000r\000a\000\040\000R\000e\000s\000i\000l\000i\000e\000n\000t\000e}{subsection.6.5}% 39
\BOOKMARK [3][-]{subsubsection.6.5.3}{\376\377\000M\000I\000L\000P\000\040\000c\000o\000n\000\040\000C\000P\000L\000E\000X}{subsection.6.5}% 40
\BOOKMARK [3][-]{subsubsection.6.5.4}{\376\377\000A\000*\000\040\000c\000o\000n\000\040\000H\000e\000u\000r\000\355\000s\000t\000i\000c\000a\000\040\000d\000e\000\040\000R\000i\000e\000s\000g\000o}{subsection.6.5}% 41
\BOOKMARK [2][-]{subsection.6.6}{\376\377\000I\000n\000t\000e\000r\000f\000a\000z\000\040\000W\000e\000b}{section.6}% 42
\BOOKMARK [3][-]{subsubsection.6.6.1}{\376\377\000C\000o\000m\000p\000o\000n\000e\000n\000t\000e\000s\000\040\000P\000r\000i\000n\000c\000i\000p\000a\000l\000e\000s}{subsection.6.6}% 43
\BOOKMARK [3][-]{subsubsection.6.6.2}{\376\377\000E\000n\000d\000p\000o\000i\000n\000t\000s\000\040\000d\000e\000\040\000l\000a\000\040\000A\000P\000I}{subsection.6.6}% 44
\BOOKMARK [3][-]{subsubsection.6.6.3}{\376\377\000F\000l\000u\000j\000o\000\040\000d\000e\000\040\000I\000n\000t\000e\000r\000a\000c\000c\000i\000\363\000n}{subsection.6.6}% 45
\BOOKMARK [1][-]{section.7}{\376\377\000D\000e\000s\000a\000r\000r\000o\000l\000l\000o\000\040\000y\000\040\000R\000e\000s\000u\000l\000t\000a\000d\000o\000s}{}% 46
\BOOKMARK [2][-]{subsection.7.1}{\376\377\000E\000s\000t\000a\000d\000\355\000s\000t\000i\000c\000a\000s\000\040\000d\000e\000l\000\040\000S\000i\000s\000t\000e\000m\000a}{section.7}% 47
\BOOKMARK [2][-]{subsection.7.2}{\376\377\000E\000v\000a\000l\000u\000a\000c\000i\000\363\000n\000\040\000C\000o\000m\000p\000a\000r\000a\000t\000i\000v\000a\000\040\000S\000i\000n\000\040\000F\000a\000l\000l\000a\000s}{section.7}% 48
\BOOKMARK [2][-]{subsection.7.3}{\376\377\000E\000v\000a\000l\000u\000a\000c\000i\000\363\000n\000\040\000c\000o\000n\000\040\000S\000i\000m\000u\000l\000a\000c\000i\000\363\000n\000\040\000d\000e\000\040\000F\000a\000l\000l\000a\000s}{section.7}% 49
\BOOKMARK [2][-]{subsection.7.4}{\376\377\000A\000n\000\341\000l\000i\000s\000i\000s\000\040\000d\000e\000\040\000D\000i\000s\000p\000o\000n\000i\000b\000i\000l\000i\000d\000a\000d}{section.7}% 50
\BOOKMARK [2][-]{subsection.7.5}{\376\377\000A\000n\000\341\000l\000i\000s\000i\000s\000\040\000d\000e\000\040\000T\000i\000e\000m\000p\000o\000s\000\040\000d\000e\000\040\000C\000\363\000m\000p\000u\000t\000o}{section.7}% 51
\BOOKMARK [2][-]{subsection.7.6}{\376\377\000C\000a\000s\000o\000s\000\040\000d\000e\000\040\000E\000s\000t\000u\000d\000i\000o}{section.7}% 52
\BOOKMARK [3][-]{subsubsection.7.6.1}{\376\377\000C\000a\000s\000o\000\040\0001\000:\000\040\000P\000r\000o\000v\000i\000d\000e\000n\000c\000i\000a\000\040\000a\000\040\000L\000a\000s\000\040\000C\000o\000n\000d\000e\000s}{subsection.7.6}% 53
\BOOKMARK [3][-]{subsubsection.7.6.2}{\376\377\000C\000a\000s\000o\000\040\0002\000:\000\040\000S\000a\000n\000t\000i\000a\000g\000o\000\040\000C\000e\000n\000t\000r\000o\000\040\000a\000\040\000M\000a\000i\000p\000u}{subsection.7.6}% 54
\BOOKMARK [2][-]{subsection.7.7}{\376\377\000A\000n\000\341\000l\000i\000s\000i\000s\000\040\000d\000e\000\040\000I\000m\000p\000a\000c\000t\000o\000\040\000E\000c\000o\000n\000\363\000m\000i\000c\000o}{section.7}% 55
\BOOKMARK [2][-]{subsection.7.8}{\376\377\000R\000e\000d\000u\000c\000c\000i\000\363\000n\000\040\000d\000e\000\040\000R\000i\000e\000s\000g\000o}{section.7}% 56
\BOOKMARK [2][-]{subsection.7.9}{\376\377\000V\000a\000l\000i\000d\000a\000c\000i\000\363\000n\000\040\000d\000e\000\040\000H\000i\000p\000\363\000t\000e\000s\000i\000s}{section.7}% 57
\BOOKMARK [2][-]{subsection.7.10}{\376\377\000D\000i\000s\000c\000u\000s\000i\000o\000n\000\040\000d\000e\000\040\000R\000e\000s\000u\000l\000t\000a\000d\000o\000s}{section.7}% 58
\BOOKMARK [3][-]{subsubsection.7.10.1}{\376\377\000T\000r\000a\000d\000e\000-\000o\000f\000f\000\040\000D\000i\000s\000t\000a\000n\000c\000i\000a\000\040\000v\000s\000.\000\040\000R\000i\000e\000s\000g\000o}{subsection.7.10}% 59
\BOOKMARK [3][-]{subsubsection.7.10.2}{\376\377\000C\000o\000m\000p\000o\000r\000t\000a\000m\000i\000e\000n\000t\000o\000\040\000b\000a\000j\000o\000\040\000F\000a\000l\000l\000a\000s}{subsection.7.10}% 60
\BOOKMARK [3][-]{subsubsection.7.10.3}{\376\377\000C\000o\000m\000p\000l\000e\000j\000i\000d\000a\000d\000\040\000C\000o\000m\000p\000u\000t\000a\000c\000i\000o\000n\000a\000l}{subsection.7.10}% 61
\BOOKMARK [3][-]{subsubsection.7.10.4}{\376\377\000A\000n\000\341\000l\000i\000s\000i\000s\000\040\000d\000e\000\040\000T\000r\000a\000d\000e\000-\000o\000f\000f\000s\000\040\000d\000e\000\040\000C\000P\000L\000E\000X}{subsection.7.10}% 62
\BOOKMARK [3][-]{subsubsection.7.10.5}{\376\377\000C\000o\000m\000p\000a\000r\000a\000c\000i\000\363\000n\000\040\000C\000u\000a\000l\000i\000t\000a\000t\000i\000v\000a\000\040\000d\000e\000\040\000R\000u\000t\000a\000s}{subsection.7.10}% 63
\BOOKMARK [3][-]{subsubsection.7.10.6}{\376\377\000S\000e\000n\000s\000i\000b\000i\000l\000i\000d\000a\000d\000\040\000a\000\040\000P\000a\000r\000\341\000m\000e\000t\000r\000o\000s}{subsection.7.10}% 64
\BOOKMARK [3][-]{subsubsection.7.10.7}{\376\377\000L\000i\000m\000i\000t\000a\000c\000i\000o\000n\000e\000s\000\040\000d\000e\000l\000\040\000M\000o\000d\000e\000l\000o\000\040\000d\000e\000\040\000P\000r\000o\000b\000a\000b\000i\000l\000i\000d\000a\000d}{subsection.7.10}% 65
\BOOKMARK [1][-]{section.8}{\376\377\000C\000o\000n\000c\000l\000u\000s\000i\000o\000n\000e\000s\000\040\000y\000\040\000T\000r\000a\000b\000a\000j\000o\000\040\000F\000u\000t\000u\000r\000o}{}% 66
\BOOKMARK [2][-]{subsection.8.1}{\376\377\000C\000o\000n\000c\000l\000u\000s\000i\000o\000n\000e\000s}{section.8}% 67
\BOOKMARK [2][-]{subsection.8.2}{\376\377\000L\000i\000m\000i\000t\000a\000c\000i\000o\000n\000e\000s}{section.8}% 68
\BOOKMARK [2][-]{subsection.8.3}{\376\377\000T\000r\000a\000b\000a\000j\000o\000\040\000F\000u\000t\000u\000r\000o}{section.8}% 69
\BOOKMARK [2][-]{subsection.8.4}{\376\377\000I\000m\000p\000a\000c\000t\000o\000\040\000P\000o\000t\000e\000n\000c\000i\000a\000l}{section.8}% 70
\BOOKMARK [1][-]{section*.4}{\376\377\000A\000p\000\351\000n\000d\000i\000c\000e}{}% 71
