\BOOKMARK [1][-]{section.1}{\376\377\000I\000n\000t\000r\000o\000d\000u\000c\000c\000i\000o\000n}{}% 1
\BOOKMARK [1][-]{section.2}{\376\377\000E\000s\000t\000a\000d\000o\000\040\000d\000e\000l\000\040\000A\000r\000t\000e}{}% 2
\BOOKMARK [2][-]{subsection.2.1}{\376\377\000R\000e\000s\000i\000l\000i\000e\000n\000c\000i\000a\000\040\000e\000n\000\040\000S\000i\000s\000t\000e\000m\000a\000s\000\040\000d\000e\000\040\000T\000r\000a\000n\000s\000p\000o\000r\000t\000e}{section.2}% 3
\BOOKMARK [2][-]{subsection.2.2}{\376\377\000M\000o\000d\000e\000l\000a\000m\000i\000e\000n\000t\000o\000\040\000d\000e\000\040\000I\000n\000u\000n\000d\000a\000c\000i\000o\000n\000e\000s\000\040\000U\000r\000b\000a\000n\000a\000s}{section.2}% 4
\BOOKMARK [2][-]{subsection.2.3}{\376\377\000A\000l\000g\000o\000r\000i\000t\000m\000o\000s\000\040\000d\000e\000\040\000O\000p\000t\000i\000m\000i\000z\000a\000c\000i\000o\000n\000\040\000p\000a\000r\000a\000\040\000R\000u\000t\000e\000o}{section.2}% 5
\BOOKMARK [2][-]{subsection.2.4}{\376\377\000S\000i\000s\000t\000e\000m\000a\000s\000\040\000d\000e\000\040\000I\000n\000f\000o\000r\000m\000a\000c\000i\000o\000n\000\040\000G\000e\000o\000g\000r\000a\000f\000i\000c\000a}{section.2}% 6
\BOOKMARK [2][-]{subsection.2.5}{\376\377\000M\000e\000t\000r\000i\000c\000a\000s\000\040\000d\000e\000\040\000R\000e\000s\000i\000l\000i\000e\000n\000c\000i\000a}{section.2}% 7
\BOOKMARK [1][-]{section.3}{\376\377\000P\000r\000o\000b\000l\000e\000m\000a\000t\000i\000c\000a}{}% 8
\BOOKMARK [2][-]{subsection.3.1}{\376\377\000E\000s\000t\000u\000d\000i\000o\000\040\0001\000:\000\040\000C\000a\000m\000b\000i\000o\000\040\000C\000l\000i\000m\000a\000t\000i\000c\000o\000\040\000e\000\040\000I\000n\000t\000e\000n\000s\000i\000f\000i\000c\000a\000c\000i\000o\000n\000\040\000d\000e\000\040\000P\000r\000e\000c\000i\000p\000i\000t\000a\000c\000i\000o\000n\000e\000s}{section.3}% 9
\BOOKMARK [2][-]{subsection.3.2}{\376\377\000E\000s\000t\000u\000d\000i\000o\000\040\0002\000:\000\040\000V\000u\000l\000n\000e\000r\000a\000b\000i\000l\000i\000d\000a\000d\000\040\000G\000e\000o\000l\000o\000g\000i\000c\000a\000\040\000d\000e\000\040\000S\000a\000n\000t\000i\000a\000g\000o}{section.3}% 10
\BOOKMARK [2][-]{subsection.3.3}{\376\377\000E\000s\000t\000u\000d\000i\000o\000\040\0003\000:\000\040\000I\000m\000p\000a\000c\000t\000o\000\040\000e\000n\000\040\000I\000n\000f\000r\000a\000e\000s\000t\000r\000u\000c\000t\000u\000r\000a\000\040\000d\000e\000\040\000T\000r\000a\000n\000s\000p\000o\000r\000t\000e}{section.3}% 11
\BOOKMARK [2][-]{subsection.3.4}{\376\377\000L\000i\000m\000i\000t\000a\000c\000i\000o\000n\000e\000s\000\040\000d\000e\000\040\000S\000i\000s\000t\000e\000m\000a\000s\000\040\000A\000c\000t\000u\000a\000l\000e\000s}{section.3}% 12
\BOOKMARK [1][-]{section.4}{\376\377\000H\000i\000p\000o\000t\000e\000s\000i\000s}{}% 13
\BOOKMARK [1][-]{section.5}{\376\377\000O\000b\000j\000e\000t\000i\000v\000o\000s}{}% 14
\BOOKMARK [2][-]{subsection.5.1}{\376\377\000O\000b\000j\000e\000t\000i\000v\000o\000\040\000G\000e\000n\000e\000r\000a\000l}{section.5}% 15
\BOOKMARK [2][-]{subsection.5.2}{\376\377\000O\000b\000j\000e\000t\000i\000v\000o\000s\000\040\000E\000s\000p\000e\000c\000i\000f\000i\000c\000o\000s}{section.5}% 16
\BOOKMARK [1][-]{section.6}{\376\377\000M\000e\000t\000o\000d\000o\000l\000o\000g\000i\000a}{}% 17
\BOOKMARK [2][-]{subsection.6.1}{\376\377\000A\000r\000q\000u\000i\000t\000e\000c\000t\000u\000r\000a\000\040\000d\000e\000l\000\040\000S\000i\000s\000t\000e\000m\000a}{section.6}% 18
\BOOKMARK [2][-]{subsection.6.2}{\376\377\000P\000i\000p\000e\000l\000i\000n\000e\000\040\000E\000T\000L}{section.6}% 19
\BOOKMARK [2][-]{subsection.6.3}{\376\377\000E\000s\000q\000u\000e\000m\000a\000\040\000d\000e\000\040\000B\000a\000s\000e\000\040\000d\000e\000\040\000D\000a\000t\000o\000s}{section.6}% 20
\BOOKMARK [3][-]{lstlisting.1}{\376\377\000T\000a\000b\000l\000a\000s\000\040\000d\000e\000\040\000I\000n\000f\000r\000a\000e\000s\000t\000r\000u\000c\000t\000u\000r\000a}{subsection.6.3}% 21
\BOOKMARK [3][-]{subsubsection.6.3.2}{\376\377\000T\000a\000b\000l\000a\000s\000\040\000d\000e\000\040\000A\000m\000e\000n\000a\000z\000a\000s}{subsection.6.3}% 22
\BOOKMARK [3][-]{subsubsection.6.3.3}{\376\377\000T\000a\000b\000l\000a\000s\000\040\000d\000e\000\040\000S\000i\000m\000u\000l\000a\000c\000i\000o\000n}{subsection.6.3}% 23
\BOOKMARK [2][-]{subsection.6.4}{\376\377\000M\000o\000d\000e\000l\000o\000\040\000d\000e\000\040\000P\000r\000o\000b\000a\000b\000i\000l\000i\000d\000a\000d\000\040\000d\000e\000\040\000F\000a\000l\000l\000a}{section.6}% 24
\BOOKMARK [2][-]{subsection.6.5}{\376\377\000A\000l\000g\000o\000r\000i\000t\000m\000o\000s\000\040\000I\000m\000p\000l\000e\000m\000e\000n\000t\000a\000d\000o\000s}{section.6}% 25
\BOOKMARK [3][-]{subsubsection.6.5.1}{\376\377\000D\000i\000j\000k\000s\000t\000r\000a\000\040\000B\000a\000s\000e\000l\000i\000n\000e}{subsection.6.5}% 26
\BOOKMARK [3][-]{subsubsection.6.5.2}{\376\377\000D\000i\000j\000k\000s\000t\000r\000a\000\040\000R\000e\000s\000i\000l\000i\000e\000n\000t\000e}{subsection.6.5}% 27
\BOOKMARK [3][-]{subsubsection.6.5.3}{\376\377\000M\000I\000L\000P\000\040\000c\000o\000n\000\040\000C\000P\000L\000E\000X}{subsection.6.5}% 28
\BOOKMARK [3][-]{subsubsection.6.5.4}{\376\377\000A\000*\000\040\000c\000o\000n\000\040\000H\000e\000u\000r\000i\000s\000t\000i\000c\000a\000\040\000d\000e\000\040\000R\000i\000e\000s\000g\000o}{subsection.6.5}% 29
\BOOKMARK [2][-]{subsection.6.6}{\376\377\000I\000n\000t\000e\000r\000f\000a\000z\000\040\000W\000e\000b}{section.6}% 30
\BOOKMARK [3][-]{subsubsection.6.6.1}{\376\377\000C\000o\000m\000p\000o\000n\000e\000n\000t\000e\000s\000\040\000P\000r\000i\000n\000c\000i\000p\000a\000l\000e\000s}{subsection.6.6}% 31
\BOOKMARK [3][-]{subsubsection.6.6.2}{\376\377\000E\000n\000d\000p\000o\000i\000n\000t\000s\000\040\000d\000e\000\040\000l\000a\000\040\000A\000P\000I}{subsection.6.6}% 32
\BOOKMARK [3][-]{subsubsection.6.6.3}{\376\377\000F\000l\000u\000j\000o\000\040\000d\000e\000\040\000I\000n\000t\000e\000r\000a\000c\000c\000i\000o\000n}{subsection.6.6}% 33
\BOOKMARK [1][-]{section.7}{\376\377\000D\000e\000s\000a\000r\000r\000o\000l\000l\000o\000\040\000y\000\040\000R\000e\000s\000u\000l\000t\000a\000d\000o\000s}{}% 34
\BOOKMARK [2][-]{table.3}{\376\377\000E\000s\000t\000a\000d\000i\000s\000t\000i\000c\000a\000s\000\040\000d\000e\000l\000\040\000S\000i\000s\000t\000e\000m\000a}{section.7}% 35
\BOOKMARK [2][-]{subsection.7.2}{\376\377\000E\000v\000a\000l\000u\000a\000c\000i\000o\000n\000\040\000C\000o\000m\000p\000a\000r\000a\000t\000i\000v\000a\000\040\000S\000i\000n\000\040\000F\000a\000l\000l\000a\000s}{section.7}% 36
\BOOKMARK [2][-]{subsection.7.3}{\376\377\000E\000v\000a\000l\000u\000a\000c\000i\000o\000n\000\040\000c\000o\000n\000\040\000S\000i\000m\000u\000l\000a\000c\000i\000o\000n\000\040\000d\000e\000\040\000F\000a\000l\000l\000a\000s}{section.7}% 37
\BOOKMARK [2][-]{subsection.7.4}{\376\377\000A\000n\000a\000l\000i\000s\000i\000s\000\040\000d\000e\000\040\000D\000i\000s\000p\000o\000n\000i\000b\000i\000l\000i\000d\000a\000d}{section.7}% 38
\BOOKMARK [2][-]{table.8}{\376\377\000A\000n\000a\000l\000i\000s\000i\000s\000\040\000d\000e\000\040\000T\000i\000e\000m\000p\000o\000s\000\040\000d\000e\000\040\000C\000o\000m\000p\000u\000t\000o}{section.7}% 39
\BOOKMARK [2][-]{subsection.7.6}{\376\377\000C\000a\000s\000o\000s\000\040\000d\000e\000\040\000E\000s\000t\000u\000d\000i\000o}{section.7}% 40
\BOOKMARK [3][-]{subsubsection.7.6.1}{\376\377\000C\000a\000s\000o\000\040\0001\000:\000\040\000P\000r\000o\000v\000i\000d\000e\000n\000c\000i\000a\000\040\000a\000\040\000L\000a\000s\000\040\000C\000o\000n\000d\000e\000s}{subsection.7.6}% 41
\BOOKMARK [3][-]{subsubsection.7.6.2}{\376\377\000C\000a\000s\000o\000\040\0002\000:\000\040\000S\000a\000n\000t\000i\000a\000g\000o\000\040\000C\000e\000n\000t\000r\000o\000\040\000a\000\040\000M\000a\000i\000p\000u}{subsection.7.6}% 42
\BOOKMARK [3][-]{subsubsection.7.6.3}{\376\377\000C\000a\000s\000o\000\040\0003\000:\000\040\000L\000a\000\040\000F\000l\000o\000r\000i\000d\000a\000\040\000a\000\040\000V\000i\000t\000a\000c\000u\000r\000a}{subsection.7.6}% 43
\BOOKMARK [2][-]{table.15}{\376\377\000R\000e\000d\000u\000c\000c\000i\000o\000n\000\040\000d\000e\000\040\000R\000i\000e\000s\000g\000o}{section.7}% 44
\BOOKMARK [2][-]{subsection.7.8}{\376\377\000V\000a\000l\000i\000d\000a\000c\000i\000o\000n\000\040\000d\000e\000\040\000H\000i\000p\000o\000t\000e\000s\000i\000s}{section.7}% 45
\BOOKMARK [2][-]{subsection.7.9}{\376\377\000D\000i\000s\000c\000u\000s\000i\000o\000n\000\040\000d\000e\000\040\000R\000e\000s\000u\000l\000t\000a\000d\000o\000s}{section.7}% 46
\BOOKMARK [3][-]{subsubsection.7.9.1}{\376\377\000T\000r\000a\000d\000e\000-\000o\000f\000f\000\040\000D\000i\000s\000t\000a\000n\000c\000i\000a\000\040\000v\000s\000.\000\040\000R\000i\000e\000s\000g\000o}{subsection.7.9}% 47
\BOOKMARK [3][-]{subsubsection.7.9.2}{\376\377\000C\000o\000m\000p\000o\000r\000t\000a\000m\000i\000e\000n\000t\000o\000\040\000b\000a\000j\000o\000\040\000F\000a\000l\000l\000a\000s}{subsection.7.9}% 48
\BOOKMARK [3][-]{subsubsection.7.9.3}{\376\377\000C\000o\000m\000p\000l\000e\000j\000i\000d\000a\000d\000\040\000C\000o\000m\000p\000u\000t\000a\000c\000i\000o\000n\000a\000l}{subsection.7.9}% 49
\BOOKMARK [3][-]{subsubsection.7.9.4}{\376\377\000S\000e\000n\000s\000i\000b\000i\000l\000i\000d\000a\000d\000\040\000a\000\040\000P\000a\000r\000a\000m\000e\000t\000r\000o\000s}{subsection.7.9}% 50
\BOOKMARK [3][-]{subsubsection.7.9.5}{\376\377\000L\000i\000m\000i\000t\000a\000c\000i\000o\000n\000e\000s\000\040\000d\000e\000l\000\040\000M\000o\000d\000e\000l\000o\000\040\000d\000e\000\040\000P\000r\000o\000b\000a\000b\000i\000l\000i\000d\000a\000d}{subsection.7.9}% 51
\BOOKMARK [1][-]{section.8}{\376\377\000C\000o\000n\000c\000l\000u\000s\000i\000o\000n\000e\000s\000\040\000y\000\040\000T\000r\000a\000b\000a\000j\000o\000\040\000F\000u\000t\000u\000r\000o}{}% 52
\BOOKMARK [2][-]{subsection.8.1}{\376\377\000C\000o\000n\000c\000l\000u\000s\000i\000o\000n\000e\000s}{section.8}% 53
\BOOKMARK [2][-]{subsection.8.2}{\376\377\000L\000i\000m\000i\000t\000a\000c\000i\000o\000n\000e\000s}{section.8}% 54
\BOOKMARK [2][-]{subsection.8.3}{\376\377\000T\000r\000a\000b\000a\000j\000o\000\040\000F\000u\000t\000u\000r\000o}{section.8}% 55
\BOOKMARK [2][-]{subsection.8.4}{\376\377\000I\000m\000p\000a\000c\000t\000o\000\040\000P\000o\000t\000e\000n\000c\000i\000a\000l}{section.8}% 56
\BOOKMARK [1][-]{section*.2}{\376\377\000R\000e\000f\000e\000r\000e\000n\000c\000e\000s}{}% 57
